AR slowerclock behavioral "C:/Users/walee/Desktop/UNIV materials/ELEC204/Projects/sources/seven_segment/slowerClock.vhd" sub00/vhpl02 1576931579
AR sevensegment behavioral "C:/Users/walee/Desktop/UNIV materials/ELEC204/Projects/sources/seven_segment/sevenSegment.vhd" sub00/vhpl08 1576931585
AR driver behavioral "C:/Users/walee/Desktop/UNIV materials/ELEC204/Projects/sources/seven_segment/driver.vhd" sub00/vhpl04 1576931581
AR scoredecoder behavioral "C:/Users/walee/Desktop/UNIV materials/ELEC204/Projects/DiceBattles/scoreDecoder.vhd" sub00/vhpl11 1576931591
AR main behavioral "C:/Users/walee/Desktop/UNIV materials/ELEC204/Projects/DiceBattles/main.vhd" sub00/vhpl09 1576931597
AR clock_divider behavioral "C:/Users/walee/Desktop/UNIV materials/ELEC204/Projects/DiceBattles/clock_divider.vhd" sub00/vhpl13 1576931587
EN slowerclock NULL "C:/Users/walee/Desktop/UNIV materials/ELEC204/Projects/sources/seven_segment/slowerClock.vhd" sub00/vhpl01 1576931578
EN clock_divider NULL "C:/Users/walee/Desktop/UNIV materials/ELEC204/Projects/DiceBattles/clock_divider.vhd" sub00/vhpl12 1576931586
EN display_controller NULL "C:/Users/walee/Desktop/UNIV materials/ELEC204/Projects/DiceBattles/display_controller.vhd" sub00/vhpl18 1576931594
EN debounce NULL "C:/Users/walee/Desktop/UNIV materials/ELEC204/Projects/sources/debouncing/debounce_v1.vhd" sub00/vhpl14 1576931588
EN main NULL "C:/Users/walee/Desktop/UNIV materials/ELEC204/Projects/DiceBattles/main.vhd" sub00/vhpl00 1576931596
AR decoder behavioral "C:/Users/walee/Desktop/UNIV materials/ELEC204/Projects/sources/seven_segment/decoder.vhd" sub00/vhpl06 1576931583
EN sevensegment NULL "C:/Users/walee/Desktop/UNIV materials/ELEC204/Projects/sources/seven_segment/sevenSegment.vhd" sub00/vhpl07 1576931584
AR debounce logic "C:/Users/walee/Desktop/UNIV materials/ELEC204/Projects/sources/debouncing/debounce_v1.vhd" sub00/vhpl15 1576931589
EN scoredecoder NULL "C:/Users/walee/Desktop/UNIV materials/ELEC204/Projects/DiceBattles/scoreDecoder.vhd" sub00/vhpl10 1576931590
EN driver NULL "C:/Users/walee/Desktop/UNIV materials/ELEC204/Projects/sources/seven_segment/driver.vhd" sub00/vhpl03 1576931580
EN decoder NULL "C:/Users/walee/Desktop/UNIV materials/ELEC204/Projects/sources/seven_segment/decoder.vhd" sub00/vhpl05 1576931582
EN comparator NULL "C:/Users/walee/Desktop/UNIV materials/ELEC204/Projects/DiceBattles/comparator.vhd" sub00/vhpl16 1576931592
AR comparator behavioral "C:/Users/walee/Desktop/UNIV materials/ELEC204/Projects/DiceBattles/comparator.vhd" sub00/vhpl17 1576931593
AR display_controller behavioral "C:/Users/walee/Desktop/UNIV materials/ELEC204/Projects/DiceBattles/display_controller.vhd" sub00/vhpl19 1576931595
